[2025-06-09 08:27:19] {"type": "unauthorized_processes_alert", "processes": [{"pid": 1081, "name": "chronyd", "status": "unauthorized"}, {"pid": 3315, "name": "codium", "status": "unauthorized"}, {"pid": 986, "name": "networkmanager", "status": "unauthorized"}]}
[2025-06-09 08:27:24] {"type": "unauthorized_processes_alert", "processes": [{"pid": 1081, "name": "chronyd", "status": "unauthorized"}, {"pid": 3315, "name": "codium", "status": "unauthorized"}, {"pid": 986, "name": "networkmanager", "status": "unauthorized"}]}
[2025-06-09 08:27:41] {"type": "unauthorized_processes_alert", "processes": [{"pid": 15865, "name": "script.elf", "status": "unauthorized"}]}
[2025-06-09 08:28:26] {"type": "unauthorized_processes_alert", "processes": [{"pid": 16022, "name": "script.elf", "status": "unauthorized"}]}
[2025-06-09 08:28:28] {"type": "unauthorized_processes_alert", "processes": [{"pid": 16060, "name": "nc", "status": "unauthorized"}]}
[2025-06-09 08:29:08] {"type": "unauthorized_processes_alert", "processes": [{"pid": 1081, "name": "chronyd", "status": "unauthorized"}, {"pid": 3315, "name": "codium", "status": "unauthorized"}, {"pid": 986, "name": "networkmanager", "status": "unauthorized"}]}
[2025-06-09 08:29:53] {"type": "unauthorized_processes_alert", "processes": [{"pid": 986, "name": "networkmanager", "status": "unauthorized"}, {"pid": 1081, "name": "chronyd", "status": "unauthorized"}, {"pid": 3315, "name": "codium", "status": "unauthorized"}]}
[2025-06-09 08:29:58] {"type": "unauthorized_processes_alert", "processes": [{"pid": 986, "name": "networkmanager", "status": "unauthorized"}, {"pid": 1081, "name": "chronyd", "status": "unauthorized"}, {"pid": 3315, "name": "codium", "status": "unauthorized"}]}
[2025-06-09 08:31:26] {"type": "unauthorized_processes_alert", "processes": [{"pid": 986, "name": "networkmanager", "status": "unauthorized"}, {"pid": 1081, "name": "chronyd", "status": "unauthorized"}, {"pid": 3315, "name": "codium", "status": "unauthorized"}]}
[2025-06-09 08:34:32] {"type": "unauthorized_processes_alert", "processes": [{"pid": 1081, "name": "chronyd", "status": "unauthorized"}, {"pid": 3315, "name": "codium", "status": "unauthorized"}, {"pid": 986, "name": "networkmanager", "status": "unauthorized"}]}
[2025-06-09 08:34:37] {"type": "unauthorized_processes_alert", "processes": [{"pid": 1081, "name": "chronyd", "status": "unauthorized"}, {"pid": 3315, "name": "codium", "status": "unauthorized"}, {"pid": 986, "name": "networkmanager", "status": "unauthorized"}]}
[2025-06-09 08:35:12] {"type": "unauthorized_processes_alert", "processes": [{"pid": 17294, "name": "script.elf", "status": "unauthorized"}]}
[2025-06-09 08:40:29] {"type": "unauthorized_processes_alert", "processes": [{"pid": 17947, "name": "nc", "status": "unauthorized"}]}
[2025-06-09 08:41:29] {"type": "unauthorized_processes_alert", "processes": [{"pid": 18026, "name": "nc", "status": "unauthorized"}]}
[2025-06-09 08:42:29] {"type": "unauthorized_processes_alert", "processes": [{"pid": 18122, "name": "nc", "status": "unauthorized"}]}
[2025-06-09 08:43:29] {"type": "unauthorized_processes_alert", "processes": [{"pid": 18213, "name": "nc", "status": "unauthorized"}]}
[2025-06-09 08:44:29] {"type": "unauthorized_processes_alert", "processes": [{"pid": 18322, "name": "nc", "status": "unauthorized"}]}
[2025-06-09 08:45:29] {"type": "unauthorized_processes_alert", "processes": [{"pid": 18519, "name": "nc", "status": "unauthorized"}]}
[2025-06-09 08:46:29] {"type": "unauthorized_processes_alert", "processes": [{"pid": 18661, "name": "nc", "status": "unauthorized"}]}
[2025-06-09 08:50:03] {"type": "unauthorized_processes_alert", "processes": [{"pid": 1081, "name": "chronyd", "status": "unauthorized"}, {"pid": 986, "name": "networkmanager", "status": "unauthorized"}, {"pid": 3315, "name": "codium", "status": "unauthorized"}]}
[2025-06-09 08:50:10] {"type": "unauthorized_processes_alert", "processes": [{"pid": 1081, "name": "chronyd", "status": "unauthorized"}, {"pid": 986, "name": "networkmanager", "status": "unauthorized"}, {"pid": 3315, "name": "codium", "status": "unauthorized"}]}
[2025-06-09 08:50:28] {"type": "unauthorized_processes_alert", "processes": [{"pid": 19174, "name": "nc", "status": "unauthorized"}]}
[2025-06-09 08:51:01] {"type": "unauthorized_processes_alert", "processes": [{"pid": 1081, "name": "chronyd", "status": "unauthorized"}, {"pid": 986, "name": "networkmanager", "status": "unauthorized"}, {"pid": 3315, "name": "codium", "status": "unauthorized"}]}
[2025-06-09 08:51:33] {"type": "unauthorized_processes_alert", "processes": [{"pid": 19450, "name": "nc", "status": "unauthorized"}]}
[2025-06-09 08:56:28] {"type": "unauthorized_processes_alert", "processes": [{"pid": 19772, "name": "nc", "status": "unauthorized"}]}
[2025-06-09 08:59:54] {"type": "unauthorized_processes_alert", "processes": [{"pid": 1081, "name": "chronyd", "status": "unauthorized"}, {"pid": 986, "name": "networkmanager", "status": "unauthorized"}, {"pid": 3315, "name": "codium", "status": "unauthorized"}]}
[2025-06-09 09:02:08] {"type": "unauthorized_processes_alert", "processes": [{"pid": 20372, "name": "npm install types-registry@latest", "status": "unauthorized"}]}
[2025-06-09 09:08:28] {"type": "unauthorized_processes_alert", "processes": [{"pid": 20902, "name": "nc", "status": "unauthorized"}]}
[2025-06-09 09:13:28] {"type": "unauthorized_processes_alert", "processes": [{"pid": 21445, "name": "nc", "status": "unauthorized"}]}
[2025-06-09 09:14:28] {"type": "unauthorized_processes_alert", "processes": [{"pid": 21520, "name": "nc", "status": "unauthorized"}]}
[2025-06-09 09:22:10] {"type": "unauthorized_processes_alert", "processes": [{"pid": 3315, "name": "codium", "status": "unauthorized"}, {"pid": 1081, "name": "chronyd", "status": "unauthorized"}, {"pid": 986, "name": "networkmanager", "status": "unauthorized"}]}
[2025-06-09 09:23:22] {"type": "unauthorized_processes_alert", "processes": [{"pid": 1081, "name": "chronyd", "status": "unauthorized"}, {"pid": 986, "name": "networkmanager", "status": "unauthorized"}, {"pid": 3315, "name": "codium", "status": "unauthorized"}]}
[2025-06-09 09:28:11] {"type": "unauthorized_processes_alert", "processes": [{"pid": 1081, "name": "chronyd", "status": "unauthorized"}, {"pid": 986, "name": "networkmanager", "status": "unauthorized"}, {"pid": 3315, "name": "codium", "status": "unauthorized"}]}
[2025-06-09 09:28:16] {"type": "unauthorized_processes_alert", "processes": [{"pid": 1081, "name": "chronyd", "status": "unauthorized"}, {"pid": 3315, "name": "codium", "status": "unauthorized"}, {"pid": 986, "name": "networkmanager", "status": "unauthorized"}]}
[2025-06-09 09:28:28] {"type": "unauthorized_processes_alert", "processes": [{"pid": 23144, "name": "nc", "status": "unauthorized"}]}
[2025-06-09 09:29:28] {"type": "unauthorized_processes_alert", "processes": [{"pid": 23316, "name": "nc", "status": "unauthorized"}]}
[2025-06-09 09:30:28] {"type": "unauthorized_processes_alert", "processes": [{"pid": 23392, "name": "nc", "status": "unauthorized"}]}
[2025-06-09 09:31:28] {"type": "unauthorized_processes_alert", "processes": [{"pid": 23461, "name": "nc", "status": "unauthorized"}]}
[2025-06-09 09:32:28] {"type": "unauthorized_processes_alert", "processes": [{"pid": 23566, "name": "nc", "status": "unauthorized"}]}
[2025-06-09 09:33:28] {"type": "unauthorized_processes_alert", "processes": [{"pid": 23694, "name": "nc", "status": "unauthorized"}]}
[2025-06-09 09:34:10] {"type": "unauthorized_processes_alert", "processes": [{"pid": 1081, "name": "chronyd", "status": "unauthorized"}, {"pid": 986, "name": "networkmanager", "status": "unauthorized"}, {"pid": 3315, "name": "codium", "status": "unauthorized"}]}
[2025-06-09 09:34:16] {"type": "unauthorized_processes_alert", "processes": [{"pid": 3315, "name": "codium", "status": "unauthorized"}, {"pid": 1081, "name": "chronyd", "status": "unauthorized"}, {"pid": 986, "name": "networkmanager", "status": "unauthorized"}]}
[2025-06-09 09:34:28] {"type": "unauthorized_processes_alert", "processes": [{"pid": 23892, "name": "nc", "status": "unauthorized"}]}
[2025-06-09 09:36:28] {"type": "unauthorized_processes_alert", "processes": [{"pid": 24147, "name": "nc", "status": "unauthorized"}]}
[2025-06-09 09:37:32] {"type": "unauthorized_processes_alert", "processes": [{"pid": 1081, "name": "chronyd", "status": "unauthorized"}, {"pid": 986, "name": "networkmanager", "status": "unauthorized"}, {"pid": 3315, "name": "codium", "status": "unauthorized"}]}
[2025-06-09 09:38:02] {"type": "unauthorized_processes_alert", "processes": [{"pid": 1081, "name": "chronyd", "status": "unauthorized"}, {"pid": 3315, "name": "codium", "status": "unauthorized"}, {"pid": 986, "name": "networkmanager", "status": "unauthorized"}]}
[2025-06-09 09:38:28] {"type": "unauthorized_processes_alert", "processes": [{"pid": 24526, "name": "nc", "status": "unauthorized"}]}
[2025-06-09 09:39:28] {"type": "unauthorized_processes_alert", "processes": [{"pid": 24662, "name": "nc", "status": "unauthorized"}]}
[2025-06-09 09:39:53] {"type": "unauthorized_processes_alert", "processes": [{"pid": 1081, "name": "chronyd", "status": "unauthorized"}, {"pid": 3315, "name": "codium", "status": "unauthorized"}, {"pid": 986, "name": "networkmanager", "status": "unauthorized"}]}
[2025-06-09 09:39:59] {"type": "unauthorized_processes_alert", "processes": [{"pid": 1081, "name": "chronyd", "status": "unauthorized"}, {"pid": 3315, "name": "codium", "status": "unauthorized"}, {"pid": 986, "name": "networkmanager", "status": "unauthorized"}]}
[2025-06-09 09:40:28] {"type": "unauthorized_processes_alert", "processes": [{"pid": 24897, "name": "nc", "status": "unauthorized"}]}
[2025-06-09 09:41:28] {"type": "unauthorized_processes_alert", "processes": [{"pid": 25000, "name": "nc", "status": "unauthorized"}]}
[2025-06-09 09:41:59] {"type": "unauthorized_processes_alert", "processes": [{"pid": 986, "name": "networkmanager", "status": "unauthorized"}, {"pid": 1081, "name": "chronyd", "status": "unauthorized"}, {"pid": 3315, "name": "codium", "status": "unauthorized"}]}
[2025-06-09 09:42:05] {"type": "unauthorized_processes_alert", "processes": [{"pid": 986, "name": "networkmanager", "status": "unauthorized"}, {"pid": 1081, "name": "chronyd", "status": "unauthorized"}, {"pid": 3315, "name": "codium", "status": "unauthorized"}]}
[2025-06-09 09:42:28] {"type": "unauthorized_processes_alert", "processes": [{"pid": 25238, "name": "nc", "status": "unauthorized"}]}
[2025-06-09 09:43:28] {"type": "unauthorized_processes_alert", "processes": [{"pid": 25353, "name": "nc", "status": "unauthorized"}]}
[2025-06-09 09:44:47] {"type": "unauthorized_processes_alert", "processes": [{"pid": 986, "name": "networkmanager", "status": "unauthorized"}, {"pid": 3315, "name": "codium", "status": "unauthorized"}, {"pid": 1081, "name": "chronyd", "status": "unauthorized"}]}
[2025-06-09 09:45:28] {"type": "unauthorized_processes_alert", "processes": [{"pid": 25673, "name": "nc", "status": "unauthorized"}]}
[2025-06-09 09:46:28] {"type": "unauthorized_processes_alert", "processes": [{"pid": 25757, "name": "nc", "status": "unauthorized"}]}
[2025-06-09 09:53:28] {"type": "unauthorized_processes_alert", "processes": [{"pid": 26331, "name": "nc", "status": "unauthorized"}]}
[2025-06-09 09:54:28] {"type": "unauthorized_processes_alert", "processes": [{"pid": 26381, "name": "nc", "status": "unauthorized"}]}
[2025-06-09 09:55:28] {"type": "unauthorized_processes_alert", "processes": [{"pid": 26448, "name": "nc", "status": "unauthorized"}]}
[2025-06-09 09:56:28] {"type": "unauthorized_processes_alert", "processes": [{"pid": 26562, "name": "nc", "status": "unauthorized"}]}
[2025-06-09 09:57:28] {"type": "unauthorized_processes_alert", "processes": [{"pid": 26643, "name": "nc", "status": "unauthorized"}]}
[2025-06-09 09:59:29] {"type": "unauthorized_processes_alert", "processes": [{"pid": 26735, "name": "nc", "status": "unauthorized"}]}
[2025-06-09 10:19:57] {"type": "unauthorized_processes_alert", "processes": [{"pid": 1081, "name": "chronyd", "status": "unauthorized"}, {"pid": 986, "name": "networkmanager", "status": "unauthorized"}, {"pid": 3315, "name": "codium", "status": "unauthorized"}]}
[2025-06-09 10:24:42] {"type": "unauthorized_processes_alert", "processes": [{"pid": 1081, "name": "chronyd", "status": "unauthorized"}, {"pid": 3315, "name": "codium", "status": "unauthorized"}, {"pid": 986, "name": "networkmanager", "status": "unauthorized"}]}
[2025-06-09 10:25:00] {"type": "unauthorized_processes_alert", "processes": [{"pid": 1081, "name": "chronyd", "status": "unauthorized"}, {"pid": 3315, "name": "codium", "status": "unauthorized"}, {"pid": 986, "name": "networkmanager", "status": "unauthorized"}]}
[2025-06-09 10:26:25] {"type": "unauthorized_processes_alert", "processes": [{"pid": 1081, "name": "chronyd", "status": "unauthorized"}, {"pid": 3315, "name": "codium", "status": "unauthorized"}, {"pid": 986, "name": "networkmanager", "status": "unauthorized"}]}
[2025-06-09 10:28:29] {"type": "unauthorized_processes_alert", "processes": [{"pid": 3315, "name": "codium", "status": "unauthorized"}, {"pid": 1081, "name": "chronyd", "status": "unauthorized"}, {"pid": 986, "name": "networkmanager", "status": "unauthorized"}]}
[2025-06-09 10:28:34] {"type": "unauthorized_processes_alert", "processes": [{"pid": 3315, "name": "codium", "status": "unauthorized"}, {"pid": 1081, "name": "chronyd", "status": "unauthorized"}, {"pid": 986, "name": "networkmanager", "status": "unauthorized"}]}
[2025-06-09 10:29:35] {"type": "unauthorized_processes_alert", "processes": [{"pid": 3315, "name": "codium", "status": "unauthorized"}, {"pid": 986, "name": "networkmanager", "status": "unauthorized"}, {"pid": 1081, "name": "chronyd", "status": "unauthorized"}]}
[2025-06-09 10:29:41] {"type": "unauthorized_processes_alert", "processes": [{"pid": 3315, "name": "codium", "status": "unauthorized"}, {"pid": 986, "name": "networkmanager", "status": "unauthorized"}, {"pid": 1081, "name": "chronyd", "status": "unauthorized"}]}
[2025-06-09 10:30:12] {"type": "unauthorized_processes_alert", "processes": [{"pid": 3315, "name": "codium", "status": "unauthorized"}, {"pid": 986, "name": "networkmanager", "status": "unauthorized"}, {"pid": 1081, "name": "chronyd", "status": "unauthorized"}]}
[2025-06-09 10:33:33] {"type": "unauthorized_processes_alert", "processes": [{"pid": 3315, "name": "codium", "status": "unauthorized"}, {"pid": 1081, "name": "chronyd", "status": "unauthorized"}, {"pid": 986, "name": "networkmanager", "status": "unauthorized"}]}
[2025-06-09 10:33:38] {"type": "unauthorized_processes_alert", "processes": [{"pid": 3315, "name": "codium", "status": "unauthorized"}, {"pid": 1081, "name": "chronyd", "status": "unauthorized"}, {"pid": 986, "name": "networkmanager", "status": "unauthorized"}]}
[2025-06-09 10:38:26] {"type": "unauthorized_processes_alert", "processes": [{"pid": 1081, "name": "chronyd", "status": "unauthorized"}, {"pid": 986, "name": "networkmanager", "status": "unauthorized"}, {"pid": 3315, "name": "codium", "status": "unauthorized"}]}
[2025-06-09 10:38:31] {"type": "unauthorized_processes_alert", "processes": [{"pid": 1081, "name": "chronyd", "status": "unauthorized"}, {"pid": 986, "name": "networkmanager", "status": "unauthorized"}, {"pid": 3315, "name": "codium", "status": "unauthorized"}]}
[2025-06-09 10:40:03] {"type": "unauthorized_processes_alert", "processes": [{"pid": 1081, "name": "chronyd", "status": "unauthorized"}, {"pid": 986, "name": "networkmanager", "status": "unauthorized"}, {"pid": 3315, "name": "codium", "status": "unauthorized"}]}
[2025-06-09 10:44:26] {"type": "unauthorized_processes_alert", "processes": [{"pid": 986, "name": "networkmanager", "status": "unauthorized"}, {"pid": 1081, "name": "chronyd", "status": "unauthorized"}, {"pid": 3315, "name": "codium", "status": "unauthorized"}]}
[2025-06-09 10:44:31] {"type": "unauthorized_processes_alert", "processes": [{"pid": 986, "name": "networkmanager", "status": "unauthorized"}, {"pid": 3315, "name": "codium", "status": "unauthorized"}, {"pid": 1081, "name": "chronyd", "status": "unauthorized"}]}
[2025-06-09 10:46:52] {"type": "unauthorized_processes_alert", "processes": [{"pid": 3315, "name": "codium", "status": "unauthorized"}, {"pid": 986, "name": "networkmanager", "status": "unauthorized"}, {"pid": 1081, "name": "chronyd", "status": "unauthorized"}]}
[2025-06-09 10:46:57] {"type": "unauthorized_processes_alert", "processes": [{"pid": 3315, "name": "codium", "status": "unauthorized"}, {"pid": 986, "name": "networkmanager", "status": "unauthorized"}, {"pid": 1081, "name": "chronyd", "status": "unauthorized"}]}
[2025-06-09 10:47:38] {"type": "unauthorized_processes_alert", "processes": [{"pid": 1081, "name": "chronyd", "status": "unauthorized"}, {"pid": 3315, "name": "codium", "status": "unauthorized"}, {"pid": 986, "name": "networkmanager", "status": "unauthorized"}]}
[2025-06-09 10:47:43] {"type": "unauthorized_processes_alert", "processes": [{"pid": 1081, "name": "chronyd", "status": "unauthorized"}, {"pid": 3315, "name": "codium", "status": "unauthorized"}, {"pid": 986, "name": "networkmanager", "status": "unauthorized"}]}
[2025-06-09 10:48:28] {"type": "unauthorized_processes_alert", "processes": [{"pid": 32734, "name": "nc", "status": "unauthorized"}]}
[2025-06-09 10:48:28] {"type": "unauthorized_processes_alert", "processes": [{"pid": 32734, "name": "nc", "status": "unauthorized"}]}
[2025-06-09 10:48:54] {"type": "unauthorized_processes_alert", "processes": [{"pid": 986, "name": "networkmanager", "status": "unauthorized"}, {"pid": 1081, "name": "chronyd", "status": "unauthorized"}, {"pid": 3315, "name": "codium", "status": "unauthorized"}]}
[2025-06-09 10:48:59] {"type": "unauthorized_processes_alert", "processes": [{"pid": 986, "name": "networkmanager", "status": "unauthorized"}, {"pid": 1081, "name": "chronyd", "status": "unauthorized"}, {"pid": 3315, "name": "codium", "status": "unauthorized"}]}
[2025-06-09 10:56:42] {"type": "unauthorized_processes_alert", "processes": [{"pid": 1081, "name": "chronyd", "status": "unauthorized"}, {"pid": 3315, "name": "codium", "status": "unauthorized"}, {"pid": 986, "name": "networkmanager", "status": "unauthorized"}]}
[2025-06-09 13:51:12] {"type": "unauthorized_processes_alert", "processes": [{"pid": 2641, "name": "codium", "status": "unauthorized"}, {"pid": 986, "name": "networkmanager", "status": "unauthorized"}, {"pid": 1052, "name": "chronyd", "status": "unauthorized"}, {"pid": 2765, "name": "codium", "status": "unauthorized"}]}
[2025-06-09 13:51:54] {"type": "unauthorized_processes_alert", "processes": [{"pid": 4644, "name": "nc", "status": "unauthorized"}]}
[2025-06-09 13:53:53] {"type": "unauthorized_processes_alert", "processes": [{"pid": 4746, "name": "nc", "status": "unauthorized"}]}
[2025-06-09 14:02:55] {"type": "unauthorized_processes_alert", "processes": [{"pid": 5350, "name": "nc", "status": "unauthorized"}]}
[2025-06-09 14:05:26] {"type": "unauthorized_processes_alert", "processes": [{"pid": 64496, "name": "https", "status": "unauthorized"}, {"pid": 64497, "name": "http", "status": "unauthorized"}]}
[2025-06-09 14:06:53] {"type": "unauthorized_processes_alert", "processes": [{"pid": 65146, "name": "nc", "status": "unauthorized"}]}
[2025-06-09 14:07:34] {"type": "unauthorized_processes_alert", "processes": [{"pid": 65203, "name": "ping", "status": "unauthorized"}]}
[2025-06-09 14:07:56] {"type": "unauthorized_processes_alert", "processes": [{"pid": 71321, "name": "nc", "status": "unauthorized"}]}
[2025-06-09 14:08:53] {"type": "unauthorized_processes_alert", "processes": [{"pid": 77364, "name": "nc", "status": "unauthorized"}]}
[2025-06-09 14:09:53] {"type": "unauthorized_processes_alert", "processes": [{"pid": 84943, "name": "nc", "status": "unauthorized"}]}
[2025-06-09 14:14:08] {"type": "unauthorized_processes_alert", "processes": [{"pid": 85207, "name": "nc", "status": "unauthorized"}]}
[2025-06-09 14:14:41] {"type": "unauthorized_processes_alert", "processes": [{"pid": 85240, "name": "nc", "status": "unauthorized"}, {"pid": 85238, "name": "bash", "status": "unauthorized"}]}
[2025-06-09 14:15:54] {"type": "unauthorized_processes_alert", "processes": [{"pid": 85311, "name": "nc", "status": "unauthorized"}]}
[2025-06-09 14:20:52] {"type": "unauthorized_processes_alert", "processes": [{"pid": 85596, "name": "npm install types-registry@latest", "status": "unauthorized"}]}
[2025-06-09 14:21:54] {"type": "unauthorized_processes_alert", "processes": [{"pid": 85673, "name": "nc", "status": "unauthorized"}]}
[2025-06-09 14:27:53] {"type": "unauthorized_processes_alert", "processes": [{"pid": 86139, "name": "nc", "status": "unauthorized"}]}
[2025-06-09 14:28:53] {"type": "unauthorized_processes_alert", "processes": [{"pid": 86236, "name": "nc", "status": "unauthorized"}]}
[2025-06-09 14:29:53] {"type": "unauthorized_processes_alert", "processes": [{"pid": 86331, "name": "nc", "status": "unauthorized"}]}
[2025-06-09 14:31:53] {"type": "unauthorized_processes_alert", "processes": [{"pid": 86670, "name": "nc", "status": "unauthorized"}]}
[2025-06-09 14:32:53] {"type": "unauthorized_processes_alert", "processes": [{"pid": 86831, "name": "nc", "status": "unauthorized"}]}
[2025-06-09 14:35:54] {"type": "unauthorized_processes_alert", "processes": [{"pid": 87022, "name": "nc", "status": "unauthorized"}]}
[2025-06-09 14:36:54] {"type": "unauthorized_processes_alert", "processes": [{"pid": 87074, "name": "nc", "status": "unauthorized"}]}
[2025-06-09 14:38:54] {"type": "unauthorized_processes_alert", "processes": [{"pid": 87173, "name": "nc", "status": "unauthorized"}]}
[2025-06-09 17:10:43] {"type": "unauthorized_processes_alert", "processes": [{"pid": 98601, "name": "pagekite", "status": "unauthorized"}, {"pid": 2765, "name": "codium", "status": "unauthorized"}, {"pid": 986, "name": "networkmanager", "status": "unauthorized"}]}
[2025-06-09 17:10:54] {"type": "unauthorized_processes_alert", "processes": [{"pid": 99095, "name": "nc", "status": "unauthorized"}]}
[2025-06-09 17:13:30] {"type": "unauthorized_processes_alert", "processes": [{"pid": 98601, "name": "pagekite", "status": "unauthorized"}, {"pid": 2765, "name": "codium", "status": "unauthorized"}, {"pid": 986, "name": "networkmanager", "status": "unauthorized"}]}
[2025-06-10 06:48:13] {"type": "unauthorized_processes_alert", "processes": [{"pid": 1074, "name": "chronyd", "status": "unauthorized"}, {"pid": 989, "name": "networkmanager", "status": "unauthorized"}, {"pid": 3465, "name": "codium", "status": "unauthorized"}]}
[2025-06-10 06:48:19] {"type": "unauthorized_processes_alert", "processes": [{"pid": 3893, "name": "nc", "status": "unauthorized"}]}
[2025-06-10 06:49:19] {"type": "unauthorized_processes_alert", "processes": [{"pid": 4253, "name": "nc", "status": "unauthorized"}]}
[2025-06-10 08:44:40] {"type": "unauthorized_processes_alert", "processes": [{"pid": 989, "name": "networkmanager", "status": "unauthorized"}, {"pid": 1074, "name": "chronyd", "status": "unauthorized"}, {"pid": 4388, "name": "pagekite", "status": "unauthorized"}, {"pid": 3465, "name": "codium", "status": "unauthorized"}]}
[2025-06-10 08:45:19] {"type": "unauthorized_processes_alert", "processes": [{"pid": 94783, "name": "nc", "status": "unauthorized"}]}
[2025-06-10 08:46:10] {"type": "unauthorized_processes_alert", "processes": [{"pid": 94930, "name": "gvfsd-smb-browse", "status": "unauthorized"}]}
[2025-06-10 08:46:19] {"type": "unauthorized_processes_alert", "processes": [{"pid": 95006, "name": "nc", "status": "unauthorized"}]}
[2025-06-10 08:47:19] {"type": "unauthorized_processes_alert", "processes": [{"pid": 95170, "name": "nc", "status": "unauthorized"}]}
[2025-06-10 09:17:27] {"type": "unauthorized_processes_alert", "processes": [{"pid": 989, "name": "networkmanager", "status": "unauthorized"}, {"pid": 4388, "name": "pagekite", "status": "unauthorized"}, {"pid": 1074, "name": "chronyd", "status": "unauthorized"}, {"pid": 96869, "name": "ssh", "status": "unauthorized"}, {"pid": 3465, "name": "codium", "status": "unauthorized"}]}
[2025-06-10 09:18:17] {"type": "unauthorized_processes_alert", "processes": [{"pid": 98057, "name": "nc", "status": "unauthorized"}]}
[2025-06-10 09:19:15] {"type": "unauthorized_processes_alert", "processes": [{"pid": 989, "name": "networkmanager", "status": "unauthorized"}, {"pid": 4388, "name": "pagekite", "status": "unauthorized"}, {"pid": 1074, "name": "chronyd", "status": "unauthorized"}, {"pid": 96869, "name": "ssh", "status": "unauthorized"}, {"pid": 3465, "name": "codium", "status": "unauthorized"}]}
[2025-06-10 09:19:42] {"type": "unauthorized_processes_alert", "processes": [{"pid": 989, "name": "networkmanager", "status": "unauthorized"}, {"pid": 4388, "name": "pagekite", "status": "unauthorized"}, {"pid": 1074, "name": "chronyd", "status": "unauthorized"}, {"pid": 96869, "name": "ssh", "status": "unauthorized"}, {"pid": 3465, "name": "codium", "status": "unauthorized"}]}
[2025-06-10 09:20:02] {"type": "unauthorized_processes_alert", "processes": [{"pid": 989, "name": "networkmanager", "status": "unauthorized"}, {"pid": 4388, "name": "pagekite", "status": "unauthorized"}, {"pid": 1074, "name": "chronyd", "status": "unauthorized"}, {"pid": 96869, "name": "ssh", "status": "unauthorized"}, {"pid": 3465, "name": "codium", "status": "unauthorized"}]}
[2025-06-10 09:20:21] {"type": "unauthorized_processes_alert", "processes": [{"pid": 98351, "name": "nc", "status": "unauthorized"}, {"pid": 989, "name": "networkmanager", "status": "unauthorized"}, {"pid": 4388, "name": "pagekite", "status": "unauthorized"}, {"pid": 1074, "name": "chronyd", "status": "unauthorized"}, {"pid": 96869, "name": "ssh", "status": "unauthorized"}, {"pid": 3465, "name": "codium", "status": "unauthorized"}]}
[2025-06-10 09:20:49] {"type": "unauthorized_processes_alert", "processes": [{"pid": 4388, "name": "pagekite", "status": "unauthorized"}, {"pid": 1074, "name": "chronyd", "status": "unauthorized"}, {"pid": 3465, "name": "codium", "status": "unauthorized"}, {"pid": 989, "name": "networkmanager", "status": "unauthorized"}, {"pid": 96869, "name": "ssh", "status": "unauthorized"}]}
[2025-06-10 09:21:18] {"type": "unauthorized_processes_alert", "processes": [{"pid": 98509, "name": "nc", "status": "unauthorized"}]}
[2025-06-10 11:49:03] {"type": "unauthorized_processes_alert", "processes": [{"pid": 96869, "name": "ssh", "status": "unauthorized"}, {"pid": 115542, "name": "ssh", "status": "unauthorized"}, {"pid": 3465, "name": "codium", "status": "unauthorized"}, {"pid": 1074, "name": "chronyd", "status": "unauthorized"}, {"pid": 989, "name": "networkmanager", "status": "unauthorized"}]}
[2025-06-10 11:49:50] {"type": "unauthorized_processes_alert", "processes": [{"pid": 96869, "name": "ssh", "status": "unauthorized"}, {"pid": 115542, "name": "ssh", "status": "unauthorized"}, {"pid": 3465, "name": "codium", "status": "unauthorized"}, {"pid": 1074, "name": "chronyd", "status": "unauthorized"}, {"pid": 989, "name": "networkmanager", "status": "unauthorized"}]}
[2025-06-10 13:06:27] {"type": "unauthorized_processes_alert", "processes": [{"pid": 3475, "name": "ssh", "status": "unauthorized"}, {"pid": 2401, "name": "ssh", "status": "unauthorized"}, {"pid": 983, "name": "networkmanager", "status": "unauthorized"}, {"pid": 3808, "name": "codium", "status": "unauthorized"}, {"pid": 1061, "name": "chronyd", "status": "unauthorized"}]}
[2025-06-10 13:44:16] {"type": "unauthorized_processes_alert", "processes": [{"pid": 3475, "name": "ssh", "status": "unauthorized"}, {"pid": 983, "name": "networkmanager", "status": "unauthorized"}, {"pid": 2401, "name": "ssh", "status": "unauthorized"}, {"pid": 3808, "name": "codium", "status": "unauthorized"}, {"pid": 1061, "name": "chronyd", "status": "unauthorized"}]}
[2023-12-24 15:44:42] {"type": "unauthorized_processes_alert", "processes": [{"pid": 2955, "name": "codium", "status": "unauthorized"}, {"pid": 1065, "name": "chronyd", "status": "unauthorized"}]}
[2025-06-11 08:02:31] {"type": "unauthorized_processes_alert", "processes": [{"pid": 1055, "name": "chronyd", "status": "unauthorized"}, {"pid": 2929, "name": "codium", "status": "unauthorized"}, {"pid": 979, "name": "networkmanager", "status": "unauthorized"}]}
[2025-06-11 08:02:49] {"type": "unauthorized_processes_alert", "processes": [{"pid": 1055, "name": "chronyd", "status": "unauthorized"}, {"pid": 2929, "name": "codium", "status": "unauthorized"}, {"pid": 979, "name": "networkmanager", "status": "unauthorized"}]}
[2025-06-11 08:03:39] {"type": "unauthorized_processes_alert", "processes": [{"pid": 90776, "name": "nc", "status": "unauthorized"}]}
[2025-06-11 08:48:09] {"type": "unauthorized_processes_alert", "processes": [{"pid": 95008, "name": "pagekite", "status": "unauthorized"}, {"pid": 2929, "name": "codium", "status": "unauthorized"}, {"pid": 1055, "name": "chronyd", "status": "unauthorized"}, {"pid": 979, "name": "networkmanager", "status": "unauthorized"}]}
[2023-12-24 15:43:58] {"type": "unauthorized_processes_alert", "processes": [{"pid": 2450, "name": "codium", "status": "unauthorized"}, {"pid": 1028, "name": "chronyd", "status": "unauthorized"}]}
[2023-12-24 15:44:51] {"type": "unauthorized_processes_alert", "processes": [{"pid": 3806, "name": "codium", "status": "unauthorized"}]}
[2023-12-24 15:48:14] {"type": "unauthorized_processes_alert", "processes": [{"pid": 2848, "name": "codium", "status": "unauthorized"}, {"pid": 1055, "name": "chronyd", "status": "unauthorized"}]}
[2023-12-24 15:50:40] {"type": "unauthorized_processes_alert", "processes": [{"pid": 2848, "name": "codium", "status": "unauthorized"}, {"pid": 1055, "name": "chronyd", "status": "unauthorized"}]}
[2025-06-23 09:16:03] {"type": "unauthorized_processes_alert", "processes": [{"pid": 1055, "name": "chronyd", "status": "unauthorized"}, {"pid": 990, "name": "networkmanager", "status": "unauthorized"}]}
[2025-06-23 09:16:20] {"type": "unauthorized_processes_alert", "processes": [{"pid": 82810, "name": "nc", "status": "unauthorized"}]}
[2025-06-23 09:17:20] {"type": "unauthorized_processes_alert", "processes": [{"pid": 82902, "name": "nc", "status": "unauthorized"}]}
[2025-06-23 09:18:20] {"type": "unauthorized_processes_alert", "processes": [{"pid": 82960, "name": "nc", "status": "unauthorized"}]}
[2025-06-23 09:19:30] {"type": "unauthorized_processes_alert", "processes": [{"pid": 82998, "name": "nc", "status": "unauthorized"}]}
[2025-06-23 09:20:20] {"type": "unauthorized_processes_alert", "processes": [{"pid": 83088, "name": "nc", "status": "unauthorized"}]}
[2025-06-23 09:21:20] {"type": "unauthorized_processes_alert", "processes": [{"pid": 83192, "name": "nc", "status": "unauthorized"}]}
[2025-06-25 04:33:33] {"type": "unauthorized_processes_alert", "processes": [{"pid": 994, "name": "networkmanager", "status": "unauthorized"}, {"pid": 1068, "name": "chronyd", "status": "unauthorized"}, {"pid": 2451, "name": "codium", "status": "unauthorized"}]}
[2025-06-25 04:33:41] {"type": "unauthorized_processes_alert", "processes": [{"pid": 3625, "name": "nc", "status": "unauthorized"}]}
[2025-06-25 04:34:41] {"type": "unauthorized_processes_alert", "processes": [{"pid": 3776, "name": "nc", "status": "unauthorized"}]}
[2025-06-25 04:36:07] {"type": "unauthorized_processes_alert", "processes": [{"pid": 4001, "name": "codium", "status": "unauthorized"}]}
[2025-06-25 04:36:18] {"type": "unauthorized_processes_alert", "processes": [{"pid": 4154, "name": "npm install types-registry@latest", "status": "unauthorized"}]}
[2025-06-25 04:37:31] {"type": "unauthorized_processes_alert", "processes": [{"pid": 4362, "name": "nc", "status": "unauthorized"}]}
[2025-06-25 04:37:42] {"type": "unauthorized_processes_alert", "processes": [{"pid": 4377, "name": "nc", "status": "unauthorized"}]}
[2025-06-25 04:42:47] {"type": "unauthorized_processes_alert", "processes": [{"pid": 5437, "name": "test.elf", "status": "unauthorized"}]}
[2025-06-25 04:43:26] {"type": "unauthorized_processes_alert", "processes": [{"pid": 5524, "name": "virus_dangeureux.elf", "status": "unauthorized"}]}
[2025-06-25 04:43:41] {"type": "unauthorized_processes_alert", "processes": [{"pid": 5580, "name": "nc", "status": "unauthorized"}]}
[2025-06-25 04:44:41] {"type": "unauthorized_processes_alert", "processes": [{"pid": 5693, "name": "nc", "status": "unauthorized"}]}
[2025-06-25 04:45:41] {"type": "unauthorized_processes_alert", "processes": [{"pid": 5779, "name": "nc", "status": "unauthorized"}]}
[2025-06-25 04:46:42] {"type": "unauthorized_processes_alert", "processes": [{"pid": 5889, "name": "nc", "status": "unauthorized"}]}
[2025-06-25 04:48:58] {"type": "unauthorized_processes_alert", "processes": [{"pid": 65119, "name": "https", "status": "unauthorized"}, {"pid": 65120, "name": "http", "status": "unauthorized"}]}
[2025-06-25 04:49:46] {"type": "unauthorized_processes_alert", "processes": [{"pid": 65734, "name": "virus_dangeureux.elf", "status": "unauthorized"}]}
[2025-06-25 04:51:42] {"type": "unauthorized_processes_alert", "processes": [{"pid": 77876, "name": "nc", "status": "unauthorized"}]}
[2025-06-25 04:58:32] {"type": "unauthorized_processes_alert", "processes": [{"pid": 994, "name": "networkmanager", "status": "unauthorized"}, {"pid": 1068, "name": "chronyd", "status": "unauthorized"}]}
[2025-06-25 09:01:02] {"type": "unauthorized_processes_alert", "processes": [{"pid": 1059, "name": "chronyd", "status": "unauthorized"}, {"pid": 982, "name": "networkmanager", "status": "unauthorized"}]}
[2025-06-25 09:01:27] {"type": "unauthorized_processes_alert", "processes": [{"pid": 1059, "name": "chronyd", "status": "unauthorized"}, {"pid": 982, "name": "networkmanager", "status": "unauthorized"}]}
[2025-06-25 09:01:33] {"type": "unauthorized_processes_alert", "processes": [{"pid": 1059, "name": "chronyd", "status": "unauthorized"}, {"pid": 982, "name": "networkmanager", "status": "unauthorized"}]}
[2025-06-25 09:01:47] {"type": "unauthorized_processes_alert", "processes": [{"pid": 3832, "name": "gvfsd-smb-browse", "status": "unauthorized"}]}
[2025-06-25 09:02:16] {"type": "unauthorized_processes_alert", "processes": [{"pid": 1059, "name": "chronyd", "status": "unauthorized"}, {"pid": 982, "name": "networkmanager", "status": "unauthorized"}]}
[2025-06-25 09:02:57] {"type": "unauthorized_processes_alert", "processes": [{"pid": 4097, "name": "nc", "status": "unauthorized"}]}
[2025-06-25 09:02:57] {"type": "unauthorized_processes_alert", "processes": [{"pid": 4097, "name": "nc", "status": "unauthorized"}]}
[2025-06-25 09:03:12] {"type": "unauthorized_processes_alert", "processes": [{"pid": 1059, "name": "chronyd", "status": "unauthorized"}, {"pid": 982, "name": "networkmanager", "status": "unauthorized"}]}
[2025-06-25 09:03:53] {"type": "unauthorized_processes_alert", "processes": [{"pid": 1059, "name": "chronyd", "status": "unauthorized"}, {"pid": 982, "name": "networkmanager", "status": "unauthorized"}]}
[2025-06-25 09:03:55] {"type": "unauthorized_processes_alert", "processes": [{"pid": 4475, "name": "nc", "status": "unauthorized"}]}
[2025-06-25 09:05:05] {"type": "unauthorized_processes_alert", "processes": [{"pid": 4628, "name": "wpsoffice", "status": "unauthorized"}]}
[2025-06-25 09:05:32] {"type": "unauthorized_processes_alert", "processes": [{"pid": 5254, "name": "npm exec autoca", "status": "unauthorized"}]}
[2025-06-25 09:06:08] {"type": "unauthorized_processes_alert", "processes": [{"pid": 5316, "name": "npm exec autoca", "status": "unauthorized"}]}
[2025-06-25 09:20:55] {"type": "unauthorized_processes_alert", "processes": [{"pid": 6406, "name": "nc", "status": "unauthorized"}]}
[2025-06-25 09:22:41] {"type": "unauthorized_processes_alert", "processes": [{"pid": 6529, "name": "java", "status": "unauthorized"}]}
[2025-06-25 09:27:51] {"type": "unauthorized_processes_alert", "processes": [{"pid": 7101, "name": "npm install lighthouse", "status": "unauthorized"}]}
[2025-06-25 09:27:57] {"type": "unauthorized_processes_alert", "processes": [{"pid": 7125, "name": "nc", "status": "unauthorized"}]}
[2025-06-25 09:29:21] {"type": "unauthorized_processes_alert", "processes": [{"pid": 7213, "name": "npm exec lighthouse", "status": "unauthorized"}]}
[2025-06-25 09:30:57] {"type": "unauthorized_processes_alert", "processes": [{"pid": 7366, "name": "nc", "status": "unauthorized"}]}
[2025-06-25 09:31:57] {"type": "unauthorized_processes_alert", "processes": [{"pid": 7424, "name": "nc", "status": "unauthorized"}]}
[2025-06-25 09:32:09] {"type": "unauthorized_processes_alert", "processes": [{"pid": 7455, "name": "ping", "status": "unauthorized"}]}
[2025-06-25 09:32:57] {"type": "unauthorized_processes_alert", "processes": [{"pid": 7466, "name": "nc", "status": "unauthorized"}]}
[2025-06-25 09:37:55] {"type": "unauthorized_processes_alert", "processes": [{"pid": 7686, "name": "nc", "status": "unauthorized"}]}
[2025-06-25 09:38:55] {"type": "unauthorized_processes_alert", "processes": [{"pid": 7710, "name": "nc", "status": "unauthorized"}]}
[2025-06-25 09:39:55] {"type": "unauthorized_processes_alert", "processes": [{"pid": 7789, "name": "nc", "status": "unauthorized"}]}
[2025-06-25 09:40:55] {"type": "unauthorized_processes_alert", "processes": [{"pid": 7822, "name": "nc", "status": "unauthorized"}]}
[2025-06-25 09:41:55] {"type": "unauthorized_processes_alert", "processes": [{"pid": 7989, "name": "nc", "status": "unauthorized"}]}
[2025-06-25 09:42:55] {"type": "unauthorized_processes_alert", "processes": [{"pid": 8135, "name": "nc", "status": "unauthorized"}]}
[2025-06-25 09:43:55] {"type": "unauthorized_processes_alert", "processes": [{"pid": 8336, "name": "nc", "status": "unauthorized"}]}
[2025-06-25 09:47:26] {"type": "unauthorized_processes_alert", "processes": [{"pid": 8612, "name": "pagekite", "status": "unauthorized"}]}
[2025-06-25 09:47:56] {"type": "unauthorized_processes_alert", "processes": [{"pid": 8649, "name": "nc", "status": "unauthorized"}]}
[2023-12-24 16:07:05] {"type": "unauthorized_processes_alert", "processes": [{"pid": 2522, "name": "codium", "status": "unauthorized"}, {"pid": 1010, "name": "chronyd", "status": "unauthorized"}, {"pid": 942, "name": "networkmanager", "status": "unauthorized"}]}
[2023-12-24 16:24:18] {"type": "unauthorized_processes_alert", "processes": [{"pid": 1017, "name": "chronyd", "status": "unauthorized"}]}
[2025-06-30 12:17:10] {"type": "unauthorized_processes_alert", "processes": [{"pid": 2522, "name": "codium", "status": "unauthorized"}, {"pid": 1010, "name": "chronyd", "status": "unauthorized"}, {"pid": 942, "name": "networkmanager", "status": "unauthorized"}]}
[2025-06-30 12:17:33] {"type": "unauthorized_processes_alert", "processes": [{"pid": 32405, "name": "nc", "status": "unauthorized"}]}
[2025-06-30 12:18:10] {"type": "unauthorized_processes_alert", "processes": [{"pid": 66132, "name": "https", "status": "unauthorized"}, {"pid": 66133, "name": "http", "status": "unauthorized"}]}
[2025-06-30 12:22:40] {"type": "unauthorized_processes_alert", "processes": [{"pid": 67469, "name": "pagekite", "status": "unauthorized"}]}
[2025-06-30 12:23:35] {"type": "unauthorized_processes_alert", "processes": [{"pid": 67562, "name": "nc", "status": "unauthorized"}]}
[2023-12-24 15:48:53] {"type": "unauthorized_processes_alert", "processes": [{"pid": 1048, "name": "chronyd", "status": "unauthorized"}]}
[2023-12-24 15:49:47] {"type": "unauthorized_processes_alert", "processes": [{"pid": 1048, "name": "chronyd", "status": "unauthorized"}]}
[2023-12-24 15:53:23] {"type": "unauthorized_processes_alert", "processes": [{"pid": 1048, "name": "chronyd", "status": "unauthorized"}]}
[2025-07-06 19:40:27] {"type": "unauthorized_processes_alert", "processes": [{"pid": 1036, "name": "chronyd", "status": "unauthorized"}, {"pid": 2987, "name": "cupsd", "status": "unauthorized"}, {"pid": 968, "name": "networkmanager", "status": "unauthorized"}]}
[2025-07-11 07:18:33] {"type": "unauthorized_processes_alert", "processes": [{"pid": 1029, "name": "cupsd", "status": "unauthorized"}, {"pid": 985, "name": "networkmanager", "status": "unauthorized"}, {"pid": 1064, "name": "chronyd", "status": "unauthorized"}]}
[2025-07-11 07:21:15] {"type": "unauthorized_processes_alert", "processes": [{"pid": 1064, "name": "chronyd", "status": "unauthorized"}, {"pid": 1029, "name": "cupsd", "status": "unauthorized"}]}
[2025-07-11 07:21:40] {"type": "unauthorized_processes_alert", "processes": [{"pid": 1029, "name": "cupsd", "status": "unauthorized"}, {"pid": 985, "name": "networkmanager", "status": "unauthorized"}, {"pid": 1064, "name": "chronyd", "status": "unauthorized"}]}
[2025-07-11 07:23:36] {"type": "unauthorized_processes_alert", "processes": [{"pid": 1064, "name": "chronyd", "status": "unauthorized"}, {"pid": 1029, "name": "cupsd", "status": "unauthorized"}, {"pid": 985, "name": "networkmanager", "status": "unauthorized"}]}
[2025-07-11 07:23:45] {"type": "unauthorized_processes_alert", "processes": [{"pid": 1068, "name": "chronyd", "status": "unauthorized"}]}
[2025-07-11 07:24:04] {"type": "unauthorized_processes_alert", "processes": [{"pid": 1064, "name": "chronyd", "status": "unauthorized"}, {"pid": 1029, "name": "cupsd", "status": "unauthorized"}, {"pid": 985, "name": "networkmanager", "status": "unauthorized"}]}
[2025-07-11 07:24:45] {"type": "unauthorized_processes_alert", "processes": [{"pid": 1029, "name": "cupsd", "status": "unauthorized"}, {"pid": 1064, "name": "chronyd", "status": "unauthorized"}, {"pid": 985, "name": "networkmanager", "status": "unauthorized"}]}
[2025-07-11 07:25:23] {"type": "unauthorized_processes_alert", "processes": [{"pid": 5588, "name": "codium", "status": "unauthorized"}]}
[2025-07-11 07:25:38] {"type": "unauthorized_processes_alert", "processes": [{"pid": 5757, "name": "nc", "status": "unauthorized"}]}
[2025-07-11 07:28:01] {"type": "unauthorized_processes_alert", "processes": [{"pid": 1064, "name": "chronyd", "status": "unauthorized"}, {"pid": 1029, "name": "cupsd", "status": "unauthorized"}, {"pid": 985, "name": "networkmanager", "status": "unauthorized"}, {"pid": 5588, "name": "codium", "status": "unauthorized"}]}
[2025-07-11 07:28:28] {"type": "unauthorized_processes_alert", "processes": [{"pid": 1029, "name": "cupsd", "status": "unauthorized"}, {"pid": 1064, "name": "chronyd", "status": "unauthorized"}, {"pid": 5588, "name": "codium", "status": "unauthorized"}, {"pid": 985, "name": "networkmanager", "status": "unauthorized"}]}
[2025-07-11 07:28:33] {"type": "unauthorized_processes_alert", "processes": [{"pid": 1029, "name": "cupsd", "status": "unauthorized"}, {"pid": 1064, "name": "chronyd", "status": "unauthorized"}, {"pid": 5588, "name": "codium", "status": "unauthorized"}, {"pid": 985, "name": "networkmanager", "status": "unauthorized"}]}
[2025-07-11 07:28:40] {"type": "unauthorized_processes_alert", "processes": [{"pid": 985, "name": "networkmanager", "status": "unauthorized"}, {"pid": 1029, "name": "cupsd", "status": "unauthorized"}, {"pid": 5588, "name": "codium", "status": "unauthorized"}, {"pid": 1064, "name": "chronyd", "status": "unauthorized"}]}
[2025-07-11 07:32:20] {"type": "unauthorized_processes_alert", "processes": [{"pid": 1029, "name": "cupsd", "status": "unauthorized"}, {"pid": 5588, "name": "codium", "status": "unauthorized"}, {"pid": 1064, "name": "chronyd", "status": "unauthorized"}]}
[2025-07-11 07:35:39] {"type": "unauthorized_processes_alert", "processes": [{"pid": 985, "name": "networkmanager", "status": "unauthorized"}, {"pid": 1029, "name": "cupsd", "status": "unauthorized"}, {"pid": 5588, "name": "codium", "status": "unauthorized"}, {"pid": 1064, "name": "chronyd", "status": "unauthorized"}]}
[2025-07-11 07:37:05] {"type": "unauthorized_processes_alert", "processes": [{"pid": 7922, "name": "git-remote-https", "status": "unauthorized"}]}
[2025-07-11 07:37:10] {"type": "unauthorized_processes_alert", "processes": [{"pid": 7944, "name": "git", "status": "unauthorized"}]}
[2025-07-11 07:37:31] {"type": "unauthorized_processes_alert", "processes": [{"pid": 7985, "name": "git-remote-https", "status": "unauthorized"}]}
