[2025-06-09 09:23:37] {'type': 'usb', 'action': 'add', 'timestamp': '2025-06-09 09:23:37.024029', 'model': 'Inconnu', 'vendor': 'Inconnu', 'serial': 'N/A', 'devpath': '/devices/pci0000:00/0000:00:14.0/usb3/3-3/3-3:1.0', 'node': None}
[2025-06-09 09:23:37] {'type': 'usb', 'action': 'bind', 'timestamp': '2025-06-09 09:23:37.066328', 'model': 'Inconnu', 'vendor': 'Inconnu', 'serial': 'N/A', 'devpath': '/devices/pci0000:00/0000:00:14.0/usb3/3-3/3-3:1.0', 'node': None}
[2025-06-09 09:23:37] {'type': 'usb', 'action': 'bind', 'timestamp': '2025-06-09 09:23:37.073525', 'model': 'USB_OPTICAL_MOUSE', 'vendor': '30fa', 'serial': 'N/A', 'devpath': '/devices/pci0000:00/0000:00:14.0/usb3/3-3', 'node': '/dev/bus/usb/003/005'}
[2025-06-25 04:50:21] {'type': 'usb', 'action': 'remove', 'timestamp': '2025-06-25 04:50:21.092851', 'model': 'Inconnu', 'vendor': 'Inconnu', 'serial': 'N/A', 'devpath': '/devices/pci0000:00/0000:00:14.0/usb3/3-2', 'node': '/dev/bus/usb/003/002'}
[2025-06-25 04:50:24] {'type': 'usb', 'action': 'add', 'timestamp': '2025-06-25 04:50:24.296328', 'model': 'USB_OPTICAL_MOUSE', 'vendor': '30fa', 'serial': 'N/A', 'devpath': '/devices/pci0000:00/0000:00:14.0/usb3/3-2', 'node': '/dev/bus/usb/003/004'}
[2025-06-25 04:50:24] {'type': 'usb', 'action': 'bind', 'timestamp': '2025-06-25 04:50:24.428254', 'model': 'Inconnu', 'vendor': 'Inconnu', 'serial': 'N/A', 'devpath': '/devices/pci0000:00/0000:00:14.0/usb3/3-2/3-2:1.0', 'node': None}
[2025-06-25 04:50:24] {'type': 'usb', 'action': 'bind', 'timestamp': '2025-06-25 04:50:24.435821', 'model': 'USB_OPTICAL_MOUSE', 'vendor': '30fa', 'serial': 'N/A', 'devpath': '/devices/pci0000:00/0000:00:14.0/usb3/3-2', 'node': '/dev/bus/usb/003/004'}
[2023-12-24 16:08:13] {'type': 'usb', 'action': 'remove', 'timestamp': '2023-12-24 16:08:13.823377', 'model': 'Inconnu', 'vendor': 'Inconnu', 'serial': 'N/A', 'devpath': '/devices/pci0000:00/0000:00:1a.0/usb1/1-1/1-1.2', 'node': '/dev/bus/usb/001/005'}
[2023-12-24 16:09:09] {'type': 'usb', 'action': 'remove', 'timestamp': '2023-12-24 16:09:09.768829', 'model': 'Inconnu', 'vendor': 'Inconnu', 'serial': 'N/A', 'devpath': '/devices/pci0000:00/0000:00:14.0/usb3/3-3/3-3:1.0', 'node': None}
[2023-12-24 16:09:09] {'type': 'usb', 'action': 'unbind', 'timestamp': '2023-12-24 16:09:09.848941', 'model': 'Inconnu', 'vendor': 'Inconnu', 'serial': 'N/A', 'devpath': '/devices/pci0000:00/0000:00:14.0/usb3/3-3/3-3:1.1', 'node': None}
[2023-12-24 16:09:09] {'type': 'usb', 'action': 'remove', 'timestamp': '2023-12-24 16:09:09.850237', 'model': 'Inconnu', 'vendor': 'Inconnu', 'serial': 'N/A', 'devpath': '/devices/pci0000:00/0000:00:14.0/usb3/3-3/3-3:1.1', 'node': None}
[2023-12-24 16:09:09] {'type': 'usb', 'action': 'unbind', 'timestamp': '2023-12-24 16:09:09.852598', 'model': 'Inconnu', 'vendor': 'Inconnu', 'serial': 'N/A', 'devpath': '/devices/pci0000:00/0000:00:14.0/usb3/3-3', 'node': '/dev/bus/usb/003/005'}
[2023-12-24 16:09:09] {'type': 'usb', 'action': 'remove', 'timestamp': '2023-12-24 16:09:09.860498', 'model': 'Inconnu', 'vendor': 'Inconnu', 'serial': 'N/A', 'devpath': '/devices/pci0000:00/0000:00:14.0/usb3/3-3', 'node': '/dev/bus/usb/003/005'}
[2023-12-24 16:12:03] {'type': 'usb', 'action': 'change', 'timestamp': '2023-12-24 16:12:03.406998', 'model': 'USB_Keyboard', 'vendor': 'SEM', 'serial': 'N/A', 'devpath': '/devices/pci0000:00/0000:00:14.0/usb3/3-3', 'node': '/dev/bus/usb/003/006'}
[2023-12-24 16:12:03] {'type': 'usb', 'action': 'add', 'timestamp': '2023-12-24 16:12:03.413840', 'model': 'Inconnu', 'vendor': 'Inconnu', 'serial': 'N/A', 'devpath': '/devices/pci0000:00/0000:00:14.0/usb3/3-3/3-3:1.1', 'node': None}
[2023-12-24 16:12:03] {'type': 'usb', 'action': 'bind', 'timestamp': '2023-12-24 16:12:03.487013', 'model': 'Inconnu', 'vendor': 'Inconnu', 'serial': 'N/A', 'devpath': '/devices/pci0000:00/0000:00:14.0/usb3/3-3/3-3:1.1', 'node': None}
[2023-12-24 16:12:03] {'type': 'usb', 'action': 'bind', 'timestamp': '2023-12-24 16:12:03.490751', 'model': 'Inconnu', 'vendor': 'Inconnu', 'serial': 'N/A', 'devpath': '/devices/pci0000:00/0000:00:14.0/usb3/3-3/3-3:1.0', 'node': None}
[2023-12-24 16:12:03] {'type': 'usb', 'action': 'bind', 'timestamp': '2023-12-24 16:12:03.498970', 'model': 'USB_Keyboard', 'vendor': 'SEM', 'serial': 'N/A', 'devpath': '/devices/pci0000:00/0000:00:14.0/usb3/3-3', 'node': '/dev/bus/usb/003/006'}
[2023-12-24 16:12:17] {'type': 'usb', 'action': 'unbind', 'timestamp': '2023-12-24 16:12:17.598725', 'model': 'Inconnu', 'vendor': 'Inconnu', 'serial': 'N/A', 'devpath': '/devices/pci0000:00/0000:00:14.0/usb3/3-3/3-3:1.1', 'node': None}
[2023-12-24 16:12:17] {'type': 'usb', 'action': 'remove', 'timestamp': '2023-12-24 16:12:17.600090', 'model': 'Inconnu', 'vendor': 'Inconnu', 'serial': 'N/A', 'devpath': '/devices/pci0000:00/0000:00:14.0/usb3/3-3/3-3:1.1', 'node': None}
[2023-12-24 16:12:17] {'type': 'usb', 'action': 'unbind', 'timestamp': '2023-12-24 16:12:17.605682', 'model': 'Inconnu', 'vendor': 'Inconnu', 'serial': 'N/A', 'devpath': '/devices/pci0000:00/0000:00:14.0/usb3/3-3', 'node': '/dev/bus/usb/003/006'}
[2023-12-24 16:12:17] {'type': 'usb', 'action': 'remove', 'timestamp': '2023-12-24 16:12:17.614021', 'model': 'Inconnu', 'vendor': 'Inconnu', 'serial': 'N/A', 'devpath': '/devices/pci0000:00/0000:00:14.0/usb3/3-3', 'node': '/dev/bus/usb/003/006'}
[2023-12-24 16:17:29] {'type': 'usb', 'action': 'bind', 'timestamp': '2023-12-24 16:17:29.785447', 'model': 'Inconnu', 'vendor': 'Inconnu', 'serial': 'N/A', 'devpath': '/devices/pci0000:00/0000:00:1a.0/usb1/1-1/1-1.2/1-1.2:1.0', 'node': None}
[2023-12-24 16:17:29] {'type': 'usb', 'action': 'bind', 'timestamp': '2023-12-24 16:17:29.796932', 'model': 'Inconnu', 'vendor': 'Inconnu', 'serial': 'N/A', 'devpath': '/devices/pci0000:00/0000:00:1a.0/usb1/1-1/1-1.2/1-1.2:1.1', 'node': None}
[2023-12-24 16:17:29] {'type': 'usb', 'action': 'bind', 'timestamp': '2023-12-24 16:17:29.804934', 'model': 'USB_Keyboard', 'vendor': 'SEM', 'serial': 'N/A', 'devpath': '/devices/pci0000:00/0000:00:1a.0/usb1/1-1/1-1.2', 'node': '/dev/bus/usb/001/006'}
[2023-12-24 16:17:34] {'type': 'usb', 'action': 'change', 'timestamp': '2023-12-24 16:17:34.848033', 'model': 'USB_OPTICAL_MOUSE', 'vendor': '30fa', 'serial': 'N/A', 'devpath': '/devices/pci0000:00/0000:00:14.0/usb3/3-2', 'node': '/dev/bus/usb/003/007'}
[2023-12-24 16:17:34] {'type': 'usb', 'action': 'add', 'timestamp': '2023-12-24 16:17:34.849402', 'model': 'Inconnu', 'vendor': 'Inconnu', 'serial': 'N/A', 'devpath': '/devices/pci0000:00/0000:00:14.0/usb3/3-2/3-2:1.0', 'node': None}
[2023-12-24 16:17:34] {'type': 'usb', 'action': 'bind', 'timestamp': '2023-12-24 16:17:34.850718', 'model': 'Inconnu', 'vendor': 'Inconnu', 'serial': 'N/A', 'devpath': '/devices/pci0000:00/0000:00:14.0/usb3/3-2/3-2:1.0', 'node': None}
[2023-12-24 16:17:34] {'type': 'usb', 'action': 'bind', 'timestamp': '2023-12-24 16:17:34.852058', 'model': 'USB_OPTICAL_MOUSE', 'vendor': '30fa', 'serial': 'N/A', 'devpath': '/devices/pci0000:00/0000:00:14.0/usb3/3-2', 'node': '/dev/bus/usb/003/007'}
[2023-12-24 16:19:29] {'type': 'usb', 'action': 'remove', 'timestamp': '2023-12-24 16:19:29.160112', 'model': 'Inconnu', 'vendor': 'Inconnu', 'serial': 'N/A', 'devpath': '/devices/pci0000:00/0000:00:14.0/usb3/3-2/3-2:1.0', 'node': None}
[2023-12-24 16:19:29] {'type': 'usb', 'action': 'unbind', 'timestamp': '2023-12-24 16:19:29.464245', 'model': 'Inconnu', 'vendor': 'Inconnu', 'serial': 'N/A', 'devpath': '/devices/pci0000:00/0000:00:1a.0/usb1/1-1/1-1.2', 'node': '/dev/bus/usb/001/006'}
[2023-12-24 16:19:29] {'type': 'usb', 'action': 'remove', 'timestamp': '2023-12-24 16:19:29.465971', 'model': 'Inconnu', 'vendor': 'Inconnu', 'serial': 'N/A', 'devpath': '/devices/pci0000:00/0000:00:1a.0/usb1/1-1/1-1.2', 'node': '/dev/bus/usb/001/006'}
[2023-12-24 16:23:48] {'type': 'usb', 'action': 'change', 'timestamp': '2023-12-24 16:23:48.239959', 'model': 'USB_Keyboard', 'vendor': 'SEM', 'serial': 'N/A', 'devpath': '/devices/pci0000:00/0000:00:14.0/usb3/3-3', 'node': '/dev/bus/usb/003/008'}
[2023-12-24 16:23:48] {'type': 'usb', 'action': 'add', 'timestamp': '2023-12-24 16:23:48.242290', 'model': 'Inconnu', 'vendor': 'Inconnu', 'serial': 'N/A', 'devpath': '/devices/pci0000:00/0000:00:14.0/usb3/3-3/3-3:1.0', 'node': None}
[2023-12-24 16:23:48] {'type': 'usb', 'action': 'add', 'timestamp': '2023-12-24 16:23:48.245726', 'model': 'Inconnu', 'vendor': 'Inconnu', 'serial': 'N/A', 'devpath': '/devices/pci0000:00/0000:00:14.0/usb3/3-3/3-3:1.1', 'node': None}
[2023-12-24 16:23:48] {'type': 'usb', 'action': 'bind', 'timestamp': '2023-12-24 16:23:48.312288', 'model': 'Inconnu', 'vendor': 'Inconnu', 'serial': 'N/A', 'devpath': '/devices/pci0000:00/0000:00:14.0/usb3/3-3/3-3:1.0', 'node': None}
[2023-12-24 16:23:48] {'type': 'usb', 'action': 'bind', 'timestamp': '2023-12-24 16:23:48.318577', 'model': 'Inconnu', 'vendor': 'Inconnu', 'serial': 'N/A', 'devpath': '/devices/pci0000:00/0000:00:14.0/usb3/3-3/3-3:1.1', 'node': None}
[2023-12-24 16:23:48] {'type': 'usb', 'action': 'bind', 'timestamp': '2023-12-24 16:23:48.324133', 'model': 'USB_Keyboard', 'vendor': 'SEM', 'serial': 'N/A', 'devpath': '/devices/pci0000:00/0000:00:14.0/usb3/3-3', 'node': '/dev/bus/usb/003/008'}
[2025-06-30 12:17:28] {'type': 'usb', 'action': 'unbind', 'timestamp': '2025-06-30 12:17:28.971815', 'model': 'Inconnu', 'vendor': 'Inconnu', 'serial': 'N/A', 'devpath': '/devices/pci0000:00/0000:00:14.0/usb3/3-3/3-3:1.1', 'node': None}
[2025-06-30 12:17:28] {'type': 'usb', 'action': 'remove', 'timestamp': '2025-06-30 12:17:28.974724', 'model': 'Inconnu', 'vendor': 'Inconnu', 'serial': 'N/A', 'devpath': '/devices/pci0000:00/0000:00:14.0/usb3/3-3/3-3:1.1', 'node': None}
[2025-06-30 12:17:28] {'type': 'usb', 'action': 'unbind', 'timestamp': '2025-06-30 12:17:28.976835', 'model': 'Inconnu', 'vendor': 'Inconnu', 'serial': 'N/A', 'devpath': '/devices/pci0000:00/0000:00:14.0/usb3/3-3', 'node': '/dev/bus/usb/003/008'}
[2025-06-30 12:17:28] {'type': 'usb', 'action': 'remove', 'timestamp': '2025-06-30 12:17:28.978503', 'model': 'Inconnu', 'vendor': 'Inconnu', 'serial': 'N/A', 'devpath': '/devices/pci0000:00/0000:00:14.0/usb3/3-3', 'node': '/dev/bus/usb/003/008'}
[2025-06-30 12:20:23] {'type': 'usb', 'action': 'change', 'timestamp': '2025-06-30 12:20:23.078725', 'model': 'USB_Keyboard', 'vendor': 'SEM', 'serial': 'N/A', 'devpath': '/devices/pci0000:00/0000:00:14.0/usb3/3-3', 'node': '/dev/bus/usb/003/009'}
[2025-06-30 12:20:23] {'type': 'usb', 'action': 'add', 'timestamp': '2025-06-30 12:20:23.081179', 'model': 'Inconnu', 'vendor': 'Inconnu', 'serial': 'N/A', 'devpath': '/devices/pci0000:00/0000:00:14.0/usb3/3-3/3-3:1.0', 'node': None}
[2025-06-30 12:20:23] {'type': 'usb', 'action': 'add', 'timestamp': '2025-06-30 12:20:23.086702', 'model': 'Inconnu', 'vendor': 'Inconnu', 'serial': 'N/A', 'devpath': '/devices/pci0000:00/0000:00:14.0/usb3/3-3/3-3:1.1', 'node': None}
[2025-06-30 12:20:23] {'type': 'usb', 'action': 'bind', 'timestamp': '2025-06-30 12:20:23.159629', 'model': 'Inconnu', 'vendor': 'Inconnu', 'serial': 'N/A', 'devpath': '/devices/pci0000:00/0000:00:14.0/usb3/3-3/3-3:1.0', 'node': None}
[2025-06-30 12:20:23] {'type': 'usb', 'action': 'bind', 'timestamp': '2025-06-30 12:20:23.169504', 'model': 'Inconnu', 'vendor': 'Inconnu', 'serial': 'N/A', 'devpath': '/devices/pci0000:00/0000:00:14.0/usb3/3-3/3-3:1.1', 'node': None}
[2025-06-30 12:20:23] {'type': 'usb', 'action': 'bind', 'timestamp': '2025-06-30 12:20:23.173917', 'model': 'USB_Keyboard', 'vendor': 'SEM', 'serial': 'N/A', 'devpath': '/devices/pci0000:00/0000:00:14.0/usb3/3-3', 'node': '/dev/bus/usb/003/009'}
[2025-06-30 12:20:52] {'type': 'usb', 'action': 'remove', 'timestamp': '2025-06-30 12:20:52.637594', 'model': 'Inconnu', 'vendor': 'Inconnu', 'serial': 'N/A', 'devpath': '/devices/pci0000:00/0000:00:14.0/usb3/3-3/3-3:1.1', 'node': None}
[2025-06-30 12:20:52] {'type': 'usb', 'action': 'unbind', 'timestamp': '2025-06-30 12:20:52.638908', 'model': 'Inconnu', 'vendor': 'Inconnu', 'serial': 'N/A', 'devpath': '/devices/pci0000:00/0000:00:14.0/usb3/3-3', 'node': '/dev/bus/usb/003/009'}
[2025-06-30 12:20:52] {'type': 'usb', 'action': 'remove', 'timestamp': '2025-06-30 12:20:52.640459', 'model': 'Inconnu', 'vendor': 'Inconnu', 'serial': 'N/A', 'devpath': '/devices/pci0000:00/0000:00:14.0/usb3/3-3', 'node': '/dev/bus/usb/003/009'}
[2025-06-30 12:21:46] {'type': 'usb', 'action': 'change', 'timestamp': '2025-06-30 12:21:46.655148', 'model': 'USB_Keyboard', 'vendor': 'SEM', 'serial': 'N/A', 'devpath': '/devices/pci0000:00/0000:00:14.0/usb3/3-3', 'node': '/dev/bus/usb/003/010'}
[2025-06-30 12:21:46] {'type': 'usb', 'action': 'add', 'timestamp': '2025-06-30 12:21:46.657313', 'model': 'Inconnu', 'vendor': 'Inconnu', 'serial': 'N/A', 'devpath': '/devices/pci0000:00/0000:00:14.0/usb3/3-3/3-3:1.0', 'node': None}
[2025-06-30 12:21:46] {'type': 'usb', 'action': 'add', 'timestamp': '2025-06-30 12:21:46.660876', 'model': 'Inconnu', 'vendor': 'Inconnu', 'serial': 'N/A', 'devpath': '/devices/pci0000:00/0000:00:14.0/usb3/3-3/3-3:1.1', 'node': None}
[2025-06-30 12:21:46] {'type': 'usb', 'action': 'bind', 'timestamp': '2025-06-30 12:21:46.761399', 'model': 'Inconnu', 'vendor': 'Inconnu', 'serial': 'N/A', 'devpath': '/devices/pci0000:00/0000:00:14.0/usb3/3-3/3-3:1.0', 'node': None}
[2025-06-30 12:21:46] {'type': 'usb', 'action': 'bind', 'timestamp': '2025-06-30 12:21:46.763153', 'model': 'Inconnu', 'vendor': 'Inconnu', 'serial': 'N/A', 'devpath': '/devices/pci0000:00/0000:00:14.0/usb3/3-3/3-3:1.1', 'node': None}
[2025-06-30 12:21:46] {'type': 'usb', 'action': 'bind', 'timestamp': '2025-06-30 12:21:46.769296', 'model': 'USB_Keyboard', 'vendor': 'SEM', 'serial': 'N/A', 'devpath': '/devices/pci0000:00/0000:00:14.0/usb3/3-3', 'node': '/dev/bus/usb/003/010'}
